==========================================
reduce in CONVERSION : 1 .
rewrites: 0
result NzNat: 1
Bye.
